==============================================================================
EvoNIDS FULL extraction  (all working hours, benign sample rate = 1.0)
input  : D:\BaiduNetdiskDownload\CICIDS2017
output : D:\test-harness\evonids-full-training\data\CICIDS2017\cicids2017_pcap_flow_full_v1.csv.gz
days   : Monday, Tuesday, Wednesday, Thursday, Friday
==============================================================================
[start] Monday: Monday-WorkingHours.pcap (10.82 GB)
[Monday] packets=200,000 read=0.18GB flows=7,473 selected=7,473 active=384 rate=88,467 pkt/s
[Monday] packets=400,000 read=0.44GB flows=7,656 selected=7,656 active=1,123 rate=52,643 pkt/s
[Monday] packets=600,000 read=0.70GB flows=8,501 selected=8,501 active=1,901 rate=39,291 pkt/s
[Monday] packets=800,000 read=0.96GB flows=9,874 selected=9,874 active=862 rate=35,491 pkt/s
[Monday] packets=1,000,000 read=1.23GB flows=10,518 selected=10,518 active=426 rate=33,494 pkt/s
[Monday] packets=1,200,000 read=1.50GB flows=10,823 selected=10,823 active=1,060 rate=31,854 pkt/s
[Monday] packets=1,400,000 read=1.76GB flows=11,306 selected=11,306 active=1,463 rate=31,139 pkt/s
[Monday] packets=1,600,000 read=2.03GB flows=12,469 selected=12,469 active=718 rate=30,006 pkt/s
[Monday] packets=1,800,000 read=2.29GB flows=12,798 selected=12,798 active=1,012 rate=29,115 pkt/s
[Monday] packets=2,000,000 read=2.56GB flows=13,456 selected=13,456 active=650 rate=28,345 pkt/s
[Monday] packets=2,200,000 read=2.78GB flows=16,196 selected=16,196 active=2,147 rate=28,121 pkt/s
[Monday] packets=2,400,000 read=3.01GB flows=20,391 selected=20,391 active=1,079 rate=27,732 pkt/s
[Monday] packets=2,600,000 read=3.32GB flows=21,200 selected=21,200 active=1,619 rate=27,519 pkt/s
[Monday] packets=2,800,000 read=3.52GB flows=26,407 selected=26,407 active=1,244 rate=27,608 pkt/s
[Monday] packets=3,000,000 read=3.78GB flows=27,189 selected=27,189 active=1,265 rate=27,663 pkt/s
[Monday] packets=3,200,000 read=4.04GB flows=27,767 selected=27,767 active=1,072 rate=27,792 pkt/s
[Monday] packets=3,400,000 read=4.31GB flows=28,639 selected=28,639 active=612 rate=27,800 pkt/s
[Monday] packets=3,600,000 read=4.58GB flows=29,131 selected=29,131 active=265 rate=27,781 pkt/s
[Monday] packets=3,800,000 read=4.84GB flows=29,321 selected=29,321 active=740 rate=27,574 pkt/s
[Monday] packets=4,000,000 read=5.11GB flows=29,519 selected=29,519 active=957 rate=27,513 pkt/s
[Monday] packets=4,200,000 read=5.37GB flows=30,177 selected=30,177 active=1,216 rate=27,376 pkt/s
[Monday] packets=4,400,000 read=5.62GB flows=31,067 selected=31,067 active=1,480 rate=27,583 pkt/s
[Monday] packets=4,600,000 read=5.88GB flows=31,971 selected=31,971 active=1,519 rate=27,454 pkt/s
[Monday] packets=4,800,000 read=6.15GB flows=32,778 selected=32,778 active=1,141 rate=27,274 pkt/s
[Monday] packets=5,000,000 read=6.41GB flows=33,692 selected=33,692 active=823 rate=27,173 pkt/s
[Monday] packets=5,200,000 read=6.67GB flows=34,321 selected=34,321 active=680 rate=27,143 pkt/s
[Monday] packets=5,400,000 read=6.85GB flows=41,327 selected=41,327 active=1,984 rate=27,063 pkt/s
[Monday] packets=5,600,000 read=7.15GB flows=43,550 selected=43,550 active=2,188 rate=26,859 pkt/s
[Monday] packets=5,800,000 read=7.42GB flows=44,343 selected=44,343 active=3,449 rate=26,777 pkt/s
[Monday] packets=6,000,000 read=7.61GB flows=56,206 selected=56,206 active=842 rate=26,613 pkt/s
[Monday] packets=6,200,000 read=7.72GB flows=67,487 selected=67,487 active=1,999 rate=26,476 pkt/s
[Monday] packets=6,400,000 read=7.84GB flows=79,825 selected=79,825 active=1,099 rate=26,345 pkt/s
[Monday] packets=6,600,000 read=7.95GB flows=92,548 selected=92,548 active=1,136 rate=26,243 pkt/s
[Monday] packets=6,800,000 read=8.06GB flows=104,694 selected=104,694 active=1,212 rate=26,157 pkt/s
[Monday] packets=7,000,000 read=8.17GB flows=115,195 selected=115,195 active=1,666 rate=26,103 pkt/s
[Monday] packets=7,200,000 read=8.27GB flows=128,865 selected=128,865 active=1,456 rate=26,039 pkt/s
[Monday] packets=7,400,000 read=8.37GB flows=140,136 selected=140,136 active=1,151 rate=26,077 pkt/s
[Monday] packets=7,600,000 read=8.49GB flows=149,875 selected=149,875 active=1,703 rate=26,118 pkt/s
[Monday] packets=7,800,000 read=8.61GB flows=160,379 selected=160,379 active=1,269 rate=26,080 pkt/s
[Monday] packets=8,000,000 read=8.71GB flows=171,621 selected=171,621 active=700 rate=25,998 pkt/s
[Monday] packets=8,200,000 read=8.80GB flows=183,706 selected=183,706 active=478 rate=25,922 pkt/s
[Monday] packets=8,400,000 read=8.90GB flows=195,057 selected=195,057 active=756 rate=25,845 pkt/s
[Monday] packets=8,600,000 read=9.00GB flows=206,455 selected=206,455 active=289 rate=25,771 pkt/s
[Monday] packets=8,800,000 read=9.11GB flows=216,414 selected=216,414 active=821 rate=25,740 pkt/s
[Monday] packets=9,000,000 read=9.22GB flows=227,762 selected=227,762 active=1,080 rate=25,663 pkt/s
[Monday] packets=9,200,000 read=9.32GB flows=242,360 selected=242,360 active=402 rate=25,643 pkt/s
[Monday] packets=9,400,000 read=9.43GB flows=255,434 selected=255,434 active=742 rate=25,633 pkt/s
[Monday] packets=9,600,000 read=9.54GB flows=268,176 selected=268,176 active=688 rate=25,655 pkt/s
[Monday] packets=9,800,000 read=9.66GB flows=280,162 selected=280,162 active=683 rate=25,690 pkt/s
[Monday] packets=10,000,000 read=9.78GB flows=290,442 selected=290,442 active=1,533 rate=25,724 pkt/s
[Monday] packets=10,200,000 read=9.91GB flows=302,174 selected=302,174 active=624 rate=25,703 pkt/s
[Monday] packets=10,400,000 read=10.02GB flows=313,237 selected=313,237 active=448 rate=25,728 pkt/s
[Monday] packets=10,600,000 read=10.20GB flows=320,127 selected=320,127 active=236 rate=25,767 pkt/s
[Monday] packets=10,800,000 read=10.31GB flows=331,019 selected=331,019 active=2,160 rate=25,793 pkt/s
[Monday] packets=11,000,000 read=10.41GB flows=345,871 selected=345,871 active=594 rate=25,796 pkt/s
[Monday] packets=11,200,000 read=10.52GB flows=357,567 selected=357,567 active=1,262 rate=25,827 pkt/s
[Monday] packets=11,400,000 read=10.67GB flows=367,827 selected=367,827 active=677 rate=25,814 pkt/s
[Monday] packets=11,600,000 read=10.81GB flows=378,740 selected=378,740 active=278 rate=25,719 pkt/s
[done] Monday: blocks=11,709,971 packets=11,626,492 flows=380,705 elapsed=452.1s
[start] Tuesday: Tuesday-WorkingHours.pcap (11.05 GB)
[Tuesday] packets=200,000 read=0.18GB flows=6,598 selected=6,598 active=493 rate=27,177 pkt/s
[Tuesday] packets=400,000 read=0.32GB flows=16,425 selected=16,425 active=1,781 rate=27,745 pkt/s
[Tuesday] packets=600,000 read=0.56GB flows=19,507 selected=19,507 active=2,025 rate=28,146 pkt/s
[Tuesday] packets=800,000 read=0.81GB flows=21,037 selected=21,037 active=1,498 rate=28,158 pkt/s
[Tuesday] packets=1,000,000 read=1.06GB flows=21,699 selected=21,699 active=2,666 rate=28,257 pkt/s
[Tuesday] packets=1,200,000 read=1.33GB flows=24,035 selected=24,035 active=842 rate=27,856 pkt/s
[Tuesday] packets=1,400,000 read=1.59GB flows=24,689 selected=24,689 active=1,146 rate=27,332 pkt/s
[Tuesday] packets=1,600,000 read=1.85GB flows=24,895 selected=24,895 active=1,199 rate=27,986 pkt/s
[Tuesday] packets=1,800,000 read=2.12GB flows=25,667 selected=25,667 active=798 rate=27,783 pkt/s
[Tuesday] packets=2,000,000 read=2.39GB flows=25,881 selected=25,881 active=723 rate=27,563 pkt/s
[Tuesday] packets=2,200,000 read=2.65GB flows=26,323 selected=26,323 active=523 rate=27,626 pkt/s
[Tuesday] packets=2,400,000 read=2.92GB flows=26,513 selected=26,513 active=1,405 rate=27,615 pkt/s
[Tuesday] packets=2,600,000 read=3.17GB flows=26,802 selected=26,802 active=2,046 rate=27,529 pkt/s
[Tuesday] packets=2,800,000 read=3.44GB flows=27,728 selected=27,728 active=1,242 rate=27,468 pkt/s
[Tuesday] packets=3,000,000 read=3.70GB flows=28,457 selected=28,457 active=1,341 rate=27,364 pkt/s
[Tuesday] packets=3,200,000 read=3.97GB flows=28,784 selected=28,784 active=1,278 rate=27,138 pkt/s
[Tuesday] packets=3,400,000 read=4.24GB flows=29,426 selected=29,426 active=932 rate=26,965 pkt/s
[Tuesday] packets=3,600,000 read=4.49GB flows=30,255 selected=30,255 active=660 rate=26,935 pkt/s
[Tuesday] packets=3,800,000 read=4.74GB flows=30,783 selected=30,783 active=1,188 rate=26,867 pkt/s
[Tuesday] packets=4,000,000 read=4.98GB flows=31,493 selected=31,493 active=2,380 rate=26,916 pkt/s
[Tuesday] packets=4,200,000 read=5.23GB flows=33,191 selected=33,191 active=1,147 rate=26,869 pkt/s
[Tuesday] packets=4,400,000 read=5.48GB flows=34,428 selected=34,428 active=737 rate=26,821 pkt/s
[Tuesday] packets=4,600,000 read=5.75GB flows=34,757 selected=34,757 active=534 rate=26,700 pkt/s
[Tuesday] packets=4,800,000 read=6.03GB flows=34,981 selected=34,981 active=471 rate=26,629 pkt/s
[Tuesday] packets=5,000,000 read=6.30GB flows=35,280 selected=35,280 active=1,142 rate=26,573 pkt/s
[Tuesday] packets=5,200,000 read=6.54GB flows=36,236 selected=36,236 active=2,441 rate=26,622 pkt/s
[Tuesday] packets=5,400,000 read=6.79GB flows=38,319 selected=38,319 active=1,531 rate=26,544 pkt/s
[Tuesday] packets=5,600,000 read=7.01GB flows=41,004 selected=41,004 active=1,977 rate=26,528 pkt/s
[Tuesday] packets=5,800,000 read=7.12GB flows=53,200 selected=53,200 active=2,335 rate=26,379 pkt/s
[Tuesday] packets=6,000,000 read=7.37GB flows=57,777 selected=57,777 active=801 rate=26,291 pkt/s
[Tuesday] packets=6,200,000 read=7.69GB flows=58,095 selected=58,095 active=1,440 rate=26,299 pkt/s
[Tuesday] packets=6,400,000 read=7.88GB flows=65,838 selected=65,838 active=1,676 rate=26,229 pkt/s
[Tuesday] packets=6,600,000 read=8.00GB flows=77,550 selected=77,550 active=717 rate=26,133 pkt/s
[Tuesday] packets=6,800,000 read=8.11GB flows=88,040 selected=88,040 active=581 rate=26,064 pkt/s
[Tuesday] packets=7,000,000 read=8.25GB flows=96,948 selected=96,948 active=1,010 rate=25,998 pkt/s
[Tuesday] packets=7,200,000 read=8.40GB flows=105,085 selected=105,085 active=552 rate=25,984 pkt/s
[Tuesday] packets=7,400,000 read=8.57GB flows=113,063 selected=113,063 active=1,168 rate=25,941 pkt/s
[Tuesday] packets=7,600,000 read=8.68GB flows=125,470 selected=125,470 active=884 rate=25,882 pkt/s
[Tuesday] packets=7,800,000 read=8.79GB flows=137,686 selected=137,686 active=951 rate=25,807 pkt/s
[Tuesday] packets=8,000,000 read=8.92GB flows=148,449 selected=148,449 active=867 rate=25,767 pkt/s
[Tuesday] packets=8,200,000 read=9.04GB flows=160,064 selected=160,064 active=98 rate=25,715 pkt/s
[Tuesday] packets=8,400,000 read=9.17GB flows=168,178 selected=168,178 active=110 rate=25,707 pkt/s
[Tuesday] packets=8,600,000 read=9.30GB flows=177,807 selected=177,807 active=243 rate=25,696 pkt/s
[Tuesday] packets=8,800,000 read=9.45GB flows=186,238 selected=186,238 active=555 rate=25,690 pkt/s
[Tuesday] packets=9,000,000 read=9.61GB flows=193,532 selected=193,532 active=634 rate=25,680 pkt/s
[Tuesday] packets=9,200,000 read=9.74GB flows=202,607 selected=202,607 active=1,315 rate=25,667 pkt/s
[Tuesday] packets=9,400,000 read=9.86GB flows=212,093 selected=212,093 active=1,108 rate=25,671 pkt/s
[Tuesday] packets=9,600,000 read=9.99GB flows=221,687 selected=221,687 active=1,627 rate=25,635 pkt/s
[Tuesday] packets=9,800,000 read=10.09GB flows=232,867 selected=232,867 active=1,286 rate=25,579 pkt/s
[Tuesday] packets=10,000,000 read=10.19GB flows=242,706 selected=242,706 active=1,157 rate=25,580 pkt/s
[Tuesday] packets=10,200,000 read=10.30GB flows=252,705 selected=252,705 active=744 rate=25,552 pkt/s
[Tuesday] packets=10,400,000 read=10.43GB flows=263,260 selected=263,260 active=1,041 rate=25,534 pkt/s
[Tuesday] packets=10,600,000 read=10.54GB flows=276,359 selected=276,359 active=580 rate=25,483 pkt/s
[Tuesday] packets=10,800,000 read=10.66GB flows=288,605 selected=288,605 active=1,460 rate=25,434 pkt/s
[Tuesday] packets=11,000,000 read=10.76GB flows=300,615 selected=300,615 active=2,302 rate=25,399 pkt/s
[Tuesday] packets=11,200,000 read=10.89GB flows=310,452 selected=310,452 active=2,374 rate=25,378 pkt/s
[Tuesday] packets=11,400,000 read=11.01GB flows=321,939 selected=321,939 active=1,719 rate=25,346 pkt/s
[done] Tuesday: blocks=11,551,954 packets=11,469,736 flows=327,842 elapsed=452.9s
[start] Wednesday: Wednesday-WorkingHours.pcap (13.42 GB)
[Wednesday] packets=200,000 read=0.26GB flows=675 selected=675 active=274 rate=28,098 pkt/s
[Wednesday] packets=400,000 read=0.52GB flows=890 selected=890 active=360 rate=27,734 pkt/s
[Wednesday] packets=600,000 read=0.79GB flows=1,109 selected=1,109 active=921 rate=27,532 pkt/s
[Wednesday] packets=800,000 read=1.05GB flows=1,820 selected=1,820 active=471 rate=26,568 pkt/s
[Wednesday] packets=1,000,000 read=1.31GB flows=2,224 selected=2,224 active=720 rate=26,927 pkt/s
[Wednesday] packets=1,200,000 read=1.56GB flows=2,562 selected=2,562 active=718 rate=26,843 pkt/s
[Wednesday] packets=1,400,000 read=1.82GB flows=3,151 selected=3,151 active=691 rate=26,903 pkt/s
[Wednesday] packets=1,600,000 read=2.07GB flows=3,320 selected=3,320 active=1,946 rate=27,130 pkt/s
[Wednesday] packets=1,800,000 read=2.34GB flows=4,785 selected=4,785 active=938 rate=27,189 pkt/s
[Wednesday] packets=2,000,000 read=2.60GB flows=5,638 selected=5,638 active=393 rate=27,185 pkt/s
[Wednesday] packets=2,200,000 read=2.86GB flows=5,972 selected=5,972 active=728 rate=27,265 pkt/s
[Wednesday] packets=2,400,000 read=3.11GB flows=6,417 selected=6,417 active=1,472 rate=27,450 pkt/s
[Wednesday] packets=2,600,000 read=3.37GB flows=7,473 selected=7,473 active=1,218 rate=27,444 pkt/s
[Wednesday] packets=2,800,000 read=3.63GB flows=8,400 selected=8,400 active=553 rate=27,306 pkt/s
[Wednesday] packets=3,000,000 read=3.90GB flows=8,859 selected=8,859 active=431 rate=27,339 pkt/s
[Wednesday] packets=3,200,000 read=4.16GB flows=9,205 selected=9,205 active=676 rate=27,443 pkt/s
[Wednesday] packets=3,400,000 read=4.41GB flows=9,497 selected=9,497 active=1,241 rate=27,454 pkt/s
[Wednesday] packets=3,600,000 read=4.68GB flows=10,396 selected=10,396 active=490 rate=27,486 pkt/s
[Wednesday] packets=3,800,000 read=4.94GB flows=10,812 selected=10,812 active=275 rate=27,503 pkt/s
[Wednesday] packets=4,000,000 read=5.21GB flows=11,052 selected=11,052 active=131 rate=27,468 pkt/s
[Wednesday] packets=4,200,000 read=5.47GB flows=11,153 selected=11,153 active=288 rate=27,511 pkt/s
[Wednesday] packets=4,400,000 read=5.73GB flows=11,337 selected=11,337 active=595 rate=27,613 pkt/s
[Wednesday] packets=4,600,000 read=5.99GB flows=11,796 selected=11,796 active=1,648 rate=27,807 pkt/s
[Wednesday] packets=4,800,000 read=6.25GB flows=13,080 selected=13,080 active=457 rate=27,853 pkt/s
[Wednesday] packets=5,000,000 read=6.53GB flows=14,835 selected=14,835 active=543 rate=27,808 pkt/s
[Wednesday] packets=5,200,000 read=6.79GB flows=17,947 selected=17,947 active=815 rate=27,621 pkt/s
[Wednesday] packets=5,400,000 read=7.16GB flows=18,121 selected=18,121 active=813 rate=27,474 pkt/s
[Wednesday] packets=5,600,000 read=7.48GB flows=21,751 selected=21,751 active=653 rate=27,357 pkt/s
[Wednesday] packets=5,800,000 read=7.61GB flows=32,836 selected=32,836 active=1,526 rate=27,273 pkt/s
[Wednesday] packets=6,000,000 read=7.73GB flows=45,417 selected=45,417 active=1,000 rate=27,285 pkt/s
[Wednesday] packets=6,200,000 read=7.84GB flows=57,714 selected=57,714 active=1,499 rate=27,238 pkt/s
[Wednesday] packets=6,400,000 read=7.97GB flows=69,949 selected=69,949 active=2,335 rate=27,227 pkt/s
[Wednesday] packets=6,600,000 read=8.08GB flows=83,673 selected=83,673 active=2,027 rate=27,194 pkt/s
[Wednesday] packets=6,800,000 read=8.18GB flows=99,359 selected=99,359 active=1,442 rate=27,108 pkt/s
[Wednesday] packets=7,000,000 read=8.36GB flows=104,571 selected=104,571 active=9,890 rate=27,169 pkt/s
[Wednesday] packets=7,200,000 read=8.54GB flows=117,393 selected=117,393 active=11,150 rate=27,098 pkt/s
[Wednesday] packets=7,400,000 read=8.73GB flows=131,013 selected=131,013 active=11,198 rate=27,000 pkt/s
[Wednesday] packets=7,600,000 read=8.92GB flows=147,346 selected=147,346 active=8,367 rate=26,852 pkt/s
[Wednesday] packets=7,800,000 read=9.10GB flows=160,043 selected=160,043 active=9,852 rate=26,736 pkt/s
[Wednesday] packets=8,000,000 read=9.28GB flows=173,887 selected=173,887 active=10,037 rate=26,600 pkt/s
[Wednesday] packets=8,200,000 read=9.47GB flows=187,257 selected=187,257 active=10,430 rate=26,440 pkt/s
[Wednesday] packets=8,400,000 read=9.65GB flows=200,468 selected=200,468 active=10,419 rate=26,316 pkt/s
[Wednesday] packets=8,600,000 read=9.84GB flows=213,866 selected=213,866 active=9,288 rate=26,187 pkt/s
[Wednesday] packets=8,800,000 read=10.03GB flows=226,671 selected=226,671 active=9,300 rate=26,078 pkt/s
[Wednesday] packets=9,000,000 read=10.22GB flows=238,769 selected=238,769 active=8,869 rate=26,019 pkt/s
[Wednesday] packets=9,200,000 read=10.42GB flows=249,761 selected=249,761 active=9,813 rate=25,962 pkt/s
[Wednesday] packets=9,400,000 read=10.62GB flows=260,904 selected=260,904 active=9,001 rate=25,865 pkt/s
[Wednesday] packets=9,600,000 read=10.83GB flows=273,987 selected=273,987 active=914 rate=25,775 pkt/s
[Wednesday] packets=9,800,000 read=11.06GB flows=275,899 selected=275,899 active=1,961 rate=25,797 pkt/s
[Wednesday] packets=10,000,000 read=11.24GB flows=282,267 selected=282,267 active=2,573 rate=25,799 pkt/s
[Wednesday] packets=10,200,000 read=11.38GB flows=297,304 selected=297,304 active=717 rate=25,727 pkt/s
[Wednesday] packets=10,400,000 read=11.48GB flows=308,653 selected=308,653 active=1,734 rate=25,749 pkt/s
[Wednesday] packets=10,600,000 read=11.60GB flows=320,121 selected=320,121 active=805 rate=25,740 pkt/s
[Wednesday] packets=10,800,000 read=11.72GB flows=331,703 selected=331,703 active=442 rate=25,717 pkt/s
[Wednesday] packets=11,000,000 read=11.82GB flows=343,957 selected=343,957 active=590 rate=25,675 pkt/s
[Wednesday] packets=11,200,000 read=11.93GB flows=354,812 selected=354,812 active=1,079 rate=25,650 pkt/s
[Wednesday] packets=11,400,000 read=12.04GB flows=368,021 selected=368,021 active=234 rate=25,652 pkt/s
[Wednesday] packets=11,600,000 read=12.14GB flows=381,217 selected=381,217 active=758 rate=25,671 pkt/s
[Wednesday] packets=11,800,000 read=12.26GB flows=392,733 selected=392,733 active=337 rate=25,631 pkt/s
[Wednesday] packets=12,000,000 read=12.37GB flows=406,489 selected=406,489 active=802 rate=25,598 pkt/s
[Wednesday] packets=12,200,000 read=12.49GB flows=418,622 selected=418,622 active=497 rate=25,542 pkt/s
[Wednesday] packets=12,400,000 read=12.59GB flows=429,405 selected=429,405 active=2,204 rate=25,516 pkt/s
[Wednesday] packets=12,600,000 read=12.72GB flows=442,082 selected=442,082 active=2,263 rate=25,510 pkt/s
[Wednesday] packets=12,800,000 read=12.86GB flows=455,026 selected=455,026 active=302 rate=25,481 pkt/s
[Wednesday] packets=13,000,000 read=12.98GB flows=466,196 selected=466,196 active=381 rate=25,463 pkt/s
[Wednesday] packets=13,200,000 read=13.11GB flows=477,360 selected=477,360 active=345 rate=25,432 pkt/s
[Wednesday] packets=13,400,000 read=13.24GB flows=486,949 selected=486,949 active=648 rate=25,408 pkt/s
[Wednesday] packets=13,600,000 read=13.36GB flows=498,362 selected=498,362 active=571 rate=25,384 pkt/s
[done] Wednesday: blocks=13,788,878 packets=13,705,555 flows=504,572 elapsed=539.8s
[start] Thursday: Thursday-WorkingHours.pcap (8.30 GB)
[Thursday] packets=200,000 read=0.20GB flows=4,703 selected=4,703 active=666 rate=26,426 pkt/s
[Thursday] packets=400,000 read=0.46GB flows=5,025 selected=5,025 active=1,081 rate=26,701 pkt/s
[Thursday] packets=600,000 read=0.72GB flows=5,808 selected=5,808 active=885 rate=25,708 pkt/s
[Thursday] packets=800,000 read=0.99GB flows=6,519 selected=6,519 active=1,008 rate=25,059 pkt/s
[Thursday] packets=1,000,000 read=1.26GB flows=7,207 selected=7,207 active=692 rate=25,385 pkt/s
[Thursday] packets=1,200,000 read=1.52GB flows=7,622 selected=7,622 active=845 rate=25,652 pkt/s
[Thursday] packets=1,400,000 read=1.77GB flows=8,008 selected=8,008 active=1,981 rate=25,617 pkt/s
[Thursday] packets=1,600,000 read=2.03GB flows=9,088 selected=9,088 active=1,442 rate=25,614 pkt/s
[Thursday] packets=1,800,000 read=2.29GB flows=10,261 selected=10,261 active=1,035 rate=25,595 pkt/s
[Thursday] packets=2,000,000 read=2.55GB flows=10,651 selected=10,651 active=1,260 rate=25,445 pkt/s
[Thursday] packets=2,200,000 read=2.81GB flows=11,648 selected=11,648 active=676 rate=25,290 pkt/s
[Thursday] packets=2,400,000 read=3.07GB flows=11,984 selected=11,984 active=1,200 rate=25,302 pkt/s
[Thursday] packets=2,600,000 read=3.33GB flows=12,964 selected=12,964 active=692 rate=25,335 pkt/s
[Thursday] packets=2,800,000 read=3.58GB flows=13,537 selected=13,537 active=1,141 rate=25,386 pkt/s
[Thursday] packets=3,000,000 read=3.70GB flows=27,415 selected=27,415 active=365 rate=25,110 pkt/s
[Thursday] packets=3,200,000 read=3.96GB flows=31,829 selected=31,829 active=1,211 rate=24,942 pkt/s
[Thursday] packets=3,400,000 read=4.36GB flows=32,205 selected=32,205 active=935 rate=24,776 pkt/s
[Thursday] packets=3,600,000 read=4.51GB flows=41,806 selected=41,806 active=628 rate=24,708 pkt/s
[Thursday] packets=3,800,000 read=4.63GB flows=52,894 selected=52,894 active=1,182 rate=24,670 pkt/s
[Thursday] packets=4,000,000 read=4.76GB flows=63,960 selected=63,960 active=370 rate=24,646 pkt/s
[Thursday] packets=4,200,000 read=4.89GB flows=74,265 selected=74,265 active=510 rate=24,653 pkt/s
[Thursday] packets=4,400,000 read=5.01GB flows=85,815 selected=85,815 active=945 rate=24,589 pkt/s
[Thursday] packets=4,600,000 read=5.14GB flows=95,915 selected=95,915 active=925 rate=24,549 pkt/s
[Thursday] packets=4,800,000 read=5.32GB flows=101,945 selected=101,945 active=401 rate=24,520 pkt/s
[Thursday] packets=5,000,000 read=5.52GB flows=105,438 selected=105,438 active=483 rate=24,541 pkt/s
[Thursday] packets=5,200,000 read=5.73GB flows=109,080 selected=109,080 active=784 rate=24,582 pkt/s
[Thursday] packets=5,400,000 read=5.90GB flows=113,854 selected=113,854 active=1,868 rate=24,605 pkt/s
[Thursday] packets=5,600,000 read=6.00GB flows=126,325 selected=126,325 active=654 rate=24,546 pkt/s
[Thursday] packets=5,800,000 read=6.12GB flows=137,347 selected=137,347 active=1,377 rate=24,477 pkt/s
[Thursday] packets=6,000,000 read=6.24GB flows=148,906 selected=148,906 active=1,018 rate=24,446 pkt/s
[Thursday] packets=6,200,000 read=6.37GB flows=159,204 selected=159,204 active=1,111 rate=24,431 pkt/s
[Thursday] packets=6,400,000 read=6.52GB flows=167,328 selected=167,328 active=1,623 rate=24,405 pkt/s
[Thursday] packets=6,600,000 read=6.63GB flows=179,028 selected=179,028 active=1,088 rate=24,373 pkt/s
[Thursday] packets=6,800,000 read=6.76GB flows=186,863 selected=186,863 active=1,261 rate=24,384 pkt/s
[Thursday] packets=7,000,000 read=6.92GB flows=196,525 selected=196,525 active=149 rate=24,362 pkt/s
[Thursday] packets=7,200,000 read=7.09GB flows=200,346 selected=200,346 active=1,544 rate=24,419 pkt/s
[Thursday] packets=7,400,000 read=7.26GB flows=207,341 selected=207,341 active=1,300 rate=24,448 pkt/s
[Thursday] packets=7,600,000 read=7.39GB flows=217,910 selected=217,910 active=1,577 rate=24,438 pkt/s
[Thursday] packets=7,800,000 read=7.48GB flows=242,756 selected=242,756 active=2,000 rate=24,332 pkt/s
[Thursday] packets=8,000,000 read=7.58GB flows=267,940 selected=267,940 active=2,408 rate=24,219 pkt/s
[Thursday] packets=8,200,000 read=7.72GB flows=287,030 selected=287,030 active=2,297 rate=24,164 pkt/s
[Thursday] packets=8,400,000 read=7.82GB flows=309,207 selected=309,207 active=3,130 rate=24,091 pkt/s
[Thursday] packets=8,600,000 read=7.94GB flows=323,767 selected=323,767 active=350 rate=24,063 pkt/s
[Thursday] packets=8,800,000 read=8.06GB flows=333,604 selected=333,604 active=1,183 rate=24,078 pkt/s
[Thursday] packets=9,000,000 read=8.17GB flows=344,496 selected=344,496 active=323 rate=24,078 pkt/s
[Thursday] packets=9,200,000 read=8.28GB flows=355,767 selected=355,767 active=1,629 rate=24,070 pkt/s
[done] Thursday: blocks=9,322,025 packets=9,240,723 flows=359,475 elapsed=384.1s
[start] Friday: Friday-WorkingHours.pcap (8.84 GB)
[Friday] packets=200,000 read=0.21GB flows=3,944 selected=3,944 active=721 rate=25,407 pkt/s
[Friday] packets=400,000 read=0.42GB flows=7,466 selected=7,466 active=1,103 rate=25,720 pkt/s
[Friday] packets=600,000 read=0.68GB flows=8,339 selected=8,339 active=1,165 rate=25,783 pkt/s
[Friday] packets=800,000 read=0.94GB flows=9,000 selected=9,000 active=900 rate=25,450 pkt/s
[Friday] packets=1,000,000 read=1.20GB flows=9,762 selected=9,762 active=354 rate=25,422 pkt/s
[Friday] packets=1,200,000 read=1.46GB flows=10,022 selected=10,022 active=455 rate=25,715 pkt/s
[Friday] packets=1,400,000 read=1.73GB flows=10,386 selected=10,386 active=258 rate=25,613 pkt/s
[Friday] packets=1,600,000 read=1.98GB flows=10,508 selected=10,508 active=968 rate=25,843 pkt/s
[Friday] packets=1,800,000 read=2.25GB flows=10,847 selected=10,847 active=841 rate=25,835 pkt/s
[Friday] packets=2,000,000 read=2.51GB flows=11,567 selected=11,567 active=299 rate=26,004 pkt/s
[Friday] packets=2,200,000 read=2.78GB flows=11,810 selected=11,810 active=165 rate=26,078 pkt/s
[Friday] packets=2,400,000 read=3.04GB flows=11,911 selected=11,911 active=568 rate=26,087 pkt/s
[Friday] packets=2,600,000 read=3.29GB flows=12,308 selected=12,308 active=2,254 rate=25,979 pkt/s
[Friday] packets=2,800,000 read=3.55GB flows=13,400 selected=13,400 active=1,771 rate=25,844 pkt/s
[Friday] packets=3,000,000 read=3.76GB flows=18,016 selected=18,016 active=1,036 rate=25,777 pkt/s
[Friday] packets=3,200,000 read=4.06GB flows=19,247 selected=19,247 active=679 rate=25,716 pkt/s
[Friday] packets=3,400,000 read=4.37GB flows=19,411 selected=19,411 active=656 rate=25,752 pkt/s
[Friday] packets=3,600,000 read=4.55GB flows=27,911 selected=27,911 active=702 rate=25,637 pkt/s
[Friday] packets=3,800,000 read=4.66GB flows=39,663 selected=39,663 active=1,161 rate=25,558 pkt/s
[Friday] packets=4,000,000 read=4.81GB flows=48,284 selected=48,284 active=1,480 rate=25,506 pkt/s
[Friday] packets=4,200,000 read=5.02GB flows=56,001 selected=56,001 active=875 rate=25,451 pkt/s
[Friday] packets=4,400,000 read=5.24GB flows=63,534 selected=63,534 active=1,023 rate=25,330 pkt/s
[Friday] packets=4,600,000 read=5.38GB flows=76,026 selected=76,026 active=566 rate=25,224 pkt/s
[Friday] packets=4,800,000 read=5.50GB flows=89,893 selected=89,893 active=522 rate=25,119 pkt/s
[Friday] packets=5,000,000 read=5.62GB flows=101,870 selected=101,870 active=334 rate=24,999 pkt/s
[Friday] packets=5,200,000 read=5.73GB flows=114,953 selected=114,953 active=795 rate=24,917 pkt/s
[Friday] packets=5,400,000 read=5.85GB flows=126,526 selected=126,526 active=770 rate=24,822 pkt/s
[Friday] packets=5,600,000 read=5.96GB flows=137,486 selected=137,486 active=899 rate=24,787 pkt/s
[Friday] packets=5,800,000 read=6.08GB flows=149,447 selected=149,447 active=225 rate=24,715 pkt/s
[Friday] packets=6,000,000 read=6.21GB flows=158,893 selected=158,893 active=900 rate=24,680 pkt/s
[Friday] packets=6,200,000 read=6.32GB flows=170,881 selected=170,881 active=954 rate=24,625 pkt/s
[Friday] packets=6,400,000 read=6.44GB flows=182,983 selected=182,983 active=341 rate=24,609 pkt/s
[Friday] packets=6,600,000 read=6.55GB flows=195,648 selected=195,648 active=419 rate=24,552 pkt/s
[Friday] packets=6,800,000 read=6.67GB flows=207,316 selected=207,316 active=506 rate=24,508 pkt/s
[Friday] packets=7,000,000 read=6.76GB flows=214,752 selected=214,752 active=34,828 rate=24,515 pkt/s
[Friday] packets=7,200,000 read=6.80GB flows=285,866 selected=285,866 active=46,301 rate=24,084 pkt/s
[Friday] packets=7,400,000 read=6.88GB flows=364,328 selected=364,328 active=3,719 rate=23,639 pkt/s
[Friday] packets=7,600,000 read=6.98GB flows=386,242 selected=386,242 active=2,345 rate=23,581 pkt/s
[Friday] packets=7,800,000 read=7.11GB flows=403,308 selected=403,308 active=1,373 rate=23,555 pkt/s
[Friday] packets=8,000,000 read=7.23GB flows=414,509 selected=414,509 active=714 rate=23,569 pkt/s
[Friday] packets=8,200,000 read=7.40GB flows=422,611 selected=422,611 active=5,948 rate=23,583 pkt/s
[Friday] packets=8,400,000 read=7.57GB flows=436,688 selected=436,688 active=6,064 rate=23,542 pkt/s
[Friday] packets=8,600,000 read=7.76GB flows=452,256 selected=452,256 active=5,606 rate=23,469 pkt/s
[Friday] packets=8,800,000 read=7.95GB flows=466,433 selected=466,433 active=5,093 rate=23,418 pkt/s
[Friday] packets=9,000,000 read=8.13GB flows=479,454 selected=479,454 active=6,309 rate=23,363 pkt/s
[Friday] packets=9,200,000 read=8.31GB flows=494,514 selected=494,514 active=6,699 rate=23,310 pkt/s
[Friday] packets=9,400,000 read=8.49GB flows=508,506 selected=508,506 active=7,558 rate=23,262 pkt/s
[Friday] packets=9,600,000 read=8.65GB flows=529,636 selected=529,636 active=302 rate=23,172 pkt/s
[Friday] packets=9,800,000 read=8.77GB flows=541,910 selected=541,910 active=309 rate=23,173 pkt/s
[done] Friday: blocks=9,997,874 packets=9,915,680 flows=548,031 elapsed=427.7s
------------------------------------------------------------------------------
[complete] output=D:\test-harness\evonids-full-training\data\CICIDS2017\cicids2017_pcap_flow_full_v1.csv.gz
[complete] rows=2,120,625 labels={'BENIGN': 1620430, 'DDoS': 92152, 'DoS GoldenEye': 8786, 'DoS Hulk': 150625, 'DoS Slowhttptest': 5812, 'DoS slowloris': 6819, 'FTP-Patator': 3958, 'Heartbleed': 10, 'Infiltration': 67347, 'PortScan': 160203, 'SSH-Patator': 2464, 'Web Attack Brute Force': 1349, 'Web Attack SQL Injection': 9, 'Web Attack XSS': 661}
[complete] elapsed=2257.1s sha256=f9ff72b9768e38637c401d287327173f1408c9fbdcacb8a8b82f472abcac5fec
[complete] metadata=D:\test-harness\evonids-full-training\data\CICIDS2017\cicids2017_pcap_flow_full_v1.metadata.json
